Archive member included to satisfy reference by file (symbol)

C:/devkitPro/libogc2/wii/lib\libraylib.a(rcore.o)
                              main.o (InitWindow)
C:/devkitPro/libogc2/wii/lib\libraylib.a(rshapes.o)
                              C:/devkitPro/libogc2/wii/lib\libraylib.a(rcore.o) (SetShapesTexture)
C:/devkitPro/libogc2/wii/lib\libraylib.a(rtextures.o)
                              C:/devkitPro/libogc2/wii/lib\libraylib.a(rcore.o) (ExportImage)
C:/devkitPro/libogc2/wii/lib\libraylib.a(rtext.o)
                              C:/devkitPro/libogc2/wii/lib\libraylib.a(rcore.o) (LoadFontDefault)
C:/devkitPro/libogc2/wii/lib\libopengx.a(gc_gl.o)
                              C:/devkitPro/libogc2/wii/lib\libraylib.a(rcore.o) (glEnable)
C:/devkitPro/libogc2/wii/lib\libopengx.a(getters.o)
                              C:/devkitPro/libogc2/wii/lib\libraylib.a(rcore.o) (glGetString)
C:/devkitPro/libogc2/wii/lib\libopengx.a(gpu_resources.o)
                              C:/devkitPro/libogc2/wii/lib\libopengx.a(gc_gl.o) (_ogx_gpu_resources_init)
C:/devkitPro/libogc2/wii/lib\libopengx.a(raster.o)
                              C:/devkitPro/libogc2/wii/lib\libraylib.a(rcore.o) (glReadPixels)
C:/devkitPro/libogc2/wii/lib\libopengx.a(selection.o)
                              C:/devkitPro/libogc2/wii/lib\libopengx.a(gc_gl.o) (_ogx_selection_mode_changing)
C:/devkitPro/libogc2/wii/lib\libopengx.a(stencil.o)
                              C:/devkitPro/libogc2/wii/lib\libopengx.a(getters.o) (_ogx_stencil_flags)
C:/devkitPro/libogc2/wii/lib\libopengx.a(texture.o)
                              C:/devkitPro/libogc2/wii/lib\libraylib.a(rcore.o) (glTexParameteri)
C:/devkitPro/libogc2/wii/lib\libopengx.a(texture_gen_sw.o)
                              C:/devkitPro/libogc2/wii/lib\libopengx.a(gc_gl.o) (_ogx_texture_gen_sw_enabled)
C:/devkitPro/libogc2/wii/lib\libopengx.a(texture_unit.o)
                              C:/devkitPro/libogc2/wii/lib\libopengx.a(gc_gl.o) (_ogx_setup_texture_stages)
C:/devkitPro/libogc2/wii/lib\libopengx.a(vbo.o)
                              C:/devkitPro/libogc2/wii/lib\libopengx.a(gc_gl.o) (_ogx_vbo_get_data)
C:/devkitPro/libogc2/wii/lib\libopengx.a(vertex.o)
                              C:/devkitPro/libogc2/wii/lib\libraylib.a(rcore.o) (glVertex3f)
C:/devkitPro/libogc2/wii/lib\libopengx.a(accum.o)
                              C:/devkitPro/libogc2/wii/lib\libopengx.a(gc_gl.o) (_ogx_accum_clear)
C:/devkitPro/libogc2/wii/lib\libopengx.a(arrays.o)
                              C:/devkitPro/libogc2/wii/lib\libopengx.a(gc_gl.o) (_ogx_arrays_setup_draw)
C:/devkitPro/libogc2/wii/lib\libopengx.a(call_lists.o)
                              C:/devkitPro/libogc2/wii/lib\libopengx.a(gc_gl.o) (_ogx_call_list_append)
C:/devkitPro/libogc2/wii/lib\libopengx.a(clip.o)
                              C:/devkitPro/libogc2/wii/lib\libopengx.a(raster.o) (_ogx_clip_is_point_clipped)
C:/devkitPro/libogc2/wii/lib\libopengx.a(debug.o)
                              C:/devkitPro/libogc2/wii/lib\libopengx.a(gc_gl.o) (_ogx_log_init)
C:/devkitPro/libogc2/wii/lib\libopengx.a(efb.o)
                              C:/devkitPro/libogc2/wii/lib\libopengx.a(gc_gl.o) (_ogx_efb_set_pixel_format)
C:/devkitPro/libogc2/wii/lib\libopengx.a(functions.o)
                              C:/devkitPro/libogc2/wii/lib\libopengx.a(getters.o) (ogx_get_proc_address)
C:/devkitPro/libogc2/wii/lib\libopengx.a(image_DXT.o)
                              C:/devkitPro/libogc2/wii/lib\libopengx.a(texture.o) (_ogx_convert_rgb_image_to_DXT1)
C:/devkitPro/libogc2/wii/lib\libopengx.a(pixel_stream.o)
                              C:/devkitPro/libogc2/wii/lib\libopengx.a(raster.o) (_ogx_pixels_components_per_format)
C:/devkitPro/libogc2/wii/lib\libopengx.a(pixels.o)
                              C:/devkitPro/libogc2/wii/lib\libopengx.a(raster.o) (_ogx_bytes_to_texture)
C:/devkitPro/libogc2/wii/lib\libwiiuse.a(wpad.o)
                              main.o (WPAD_SetDataFormat)
C:/devkitPro/libogc2/wii/lib\libwiiuse.a(motion_plus.o)
                              C:/devkitPro/libogc2/wii/lib\libwiiuse.a(wpad.o) (wiiuse_set_motion_plus)
C:/devkitPro/libogc2/wii/lib\libwiiuse.a(dynamics.o)
                              C:/devkitPro/libogc2/wii/lib\libwiiuse.a(wpad.o) (calculate_gforce)
C:/devkitPro/libogc2/wii/lib\libwiiuse.a(io.o)
                              C:/devkitPro/libogc2/wii/lib\libwiiuse.a(motion_plus.o) (wiiuse_disable_expansion)
C:/devkitPro/libogc2/wii/lib\libwiiuse.a(io_wii.o)
                              C:/devkitPro/libogc2/wii/lib\libwiiuse.a(wpad.o) (__wiiuse_sensorbar_enable)
C:/devkitPro/libogc2/wii/lib\libwiiuse.a(ir.o)
                              C:/devkitPro/libogc2/wii/lib\libwiiuse.a(motion_plus.o) (wiiuse_set_ir_mode)
C:/devkitPro/libogc2/wii/lib\libwiiuse.a(nunchuk.o)
                              C:/devkitPro/libogc2/wii/lib\libwiiuse.a(io.o) (nunchuk_handshake)
C:/devkitPro/libogc2/wii/lib\libwiiuse.a(wiiboard.o)
[...]
Memory Configuration

Name             Origin             Length             Attributes
*default*        0x00000000         0xffffffff

Linker script and memory map

                0x00003400                        . = 0x3400

.stub
 *(.stub)
                0x80003f00                        . = 0x80003f00
                0x90002000                        PROVIDE (__Arena2Lo = 0x90002000)
                0x933e0000                        PROVIDE (__Arena2Hi = 0x933e0000)
                0x933e0000                        PROVIDE (__ipcbufferLo = 0x933e0000)
                0x93400000                        PROVIDE (__ipcbufferHi = 0x93400000)
                0x00000000                        PROVIDE (__isIPL = 0x0)
                [!provide]                        PROVIDE (__ppc_excpt_buf = 0x800000d0)
                [!provide]                        PROVIDE (__ppc_excpt_table = 0x80003000)

.init           0x80003f00      0x150
 *(.crt0 .crt0.*)
 .crt0          0x80003f00      0x150 C:/devkitPro/libogc2/wii/lib\libogc.a(ogc_crt0.o)
                0x80003f00                __app_start

.text           0x80004060   0x122740
 *(SORT_NONE(.init))
 .init          0x80004060        0xc C:/devkitPro/devkitPPC/bin/../lib/gcc/powerpc-eabi/16.1.0/ecrti.o
                0x80004060                __init
 .init          0x8000406c        0x4 C:/devkitPro/devkitPPC/bin/../lib/gcc/powerpc-eabi/16.1.0/crtbegin.o
 .init          0x80004070        0x4 C:/devkitPro/devkitPPC/bin/../lib/gcc/powerpc-eabi/16.1.0/crtend.o
 .init          0x80004074       0x10 C:/devkitPro/devkitPPC/bin/../lib/gcc/powerpc-eabi/16.1.0/ecrtn.o
 *(.text.unlikely .text.*_unlikely .text.unlikely.*)
 .text.unlikely.abort
                0x80004084       0x2c C:/devkitPro/devkitPPC/bin/../lib/gcc/powerpc-eabi/16.1.0/../../../../powerpc-eabi/lib\libsysbase.a(libsysbase_libsysbase_a-abort.o)
                0x80004084                abort
 *(.text.exit .text.exit.*)
 .text.exit     0x800040b0       0x3c C:/devkitPro/devkitPPC/bin/../lib/gcc/powerpc-eabi/16.1.0/../../../../powerpc-eabi/lib\libc.a(libc_a-exit.o)
                0x800040b0                exit
 *(.text.startup .text.startup.*)
 .text.startup.main
                0x800040ec      0x228 main.o
                0x800040ec                main
 .text.startup._GLOBAL__sub_I__ogx_bytes_to_texture
                0x80004314       0x24 C:/devkitPro/libogc2/wii/lib\libopengx.a(pixels.o)
 .text.startup.__N64_Init
                0x80004338       0x58 C:/devkitPro/libogc2/wii/lib\libogc.a(n64.o)
 .text.startup.register_fini
                0x80004390        0xc C:/devkitPro/devkitPPC/bin/../lib/gcc/powerpc-eabi/16.1.0/../../../../powerpc-eabi/lib\libc.a(libc_a-__call_atexit.o)
 *(.text.hot .text.hot.*)
 *(SORT_BY_NAME(.text.sorted.*))
 *(.text .iplt .stub .text.* .gnu.linkonce.t.*)
 .text.__do_global_dtors_aux
                0x8000439c       0xcc C:/devkitPro/devkitPPC/bin/../lib/gcc/powerpc-eabi/16.1.0/crtbegin.o
 .text.frame_dummy
                0x80004468       0x24 C:/devkitPro/devkitPPC/bin/../lib/gcc/powerpc-eabi/16.1.0/crtbegin.o
 *fill*         0x8000448c        0x0 00000000
 .iplt          0x8000448c        0x0 C:/devkitPro/devkitPPC/bin/../lib/gcc/powerpc-eabi/16.1.0/crtbegin.o
 .text.__crtmain
                0x8000448c       0x40 C:/devkitPro/devkitPPC/bin/../lib/gcc/powerpc-eabi/16.1.0/../../../../powerpc-eabi/lib/crtmain.o
                0x80004490                __crtmain
 .text.InitPlatform
                0x800044cc      0x1e8 platform_wii.o
                0x800044cc                InitPlatform
 .text.ClosePlatform
                0x800046b4        0x4 platform_wii.o
                0x800046b4                ClosePlatform
 .text.PollInputEvents
                0x800046b8        0x4 platform_wii.o
                0x800046b8                PollInputEvents
 .text.SwapScreenBuffer
                0x800046bc       0x44 platform_wii.o
                0x800046bc                SwapScreenBuffer
 .text.GetTime  0x80004700       0x4c platform_wii.o
                0x80004700                GetTime
 .text.WindowShouldClose
                0x8000474c        0x8 platform_wii.o
                0x8000474c                WindowShouldClose
 .text.GetWindowScaleDPI
                0x80004754        0xc platform_wii.o
                0x80004754                GetWindowScaleDPI
 .text.glGetTexImage
                0x80004760        0x4 platform_wii.o
                0x80004760                glGetTexImage
 .text          0x80004764    0x21f98 C:/devkitPro/libogc2/wii/lib\libraylib.a(rcore.o)
                0x80004764                rlMatrixMode
                0x800047f0                rlFrustum
                0x80004854                rlOrtho
                0x800048b8                rlPushMatrix
                0x800048ec                rlPopMatrix
                0x80004920                rlLoadIdentity
                0x80004954                rlTranslatef
                0x800049a0                rlRotatef
                0x800049f4                rlScalef
                0x80004a40                rlMultMatrixf
                0x80004a7c                rlViewport
                0x80004ad0                rlSetClipPlanes
                0x80004b10                rlGetCullDistanceNear
                0x80004b38                rlGetCullDistanceFar
                0x80004b60                rlBegin
                0x80004bf0                rlEnd
                0x80004c24                rlVertex2i
                0x80004c68                rlVertex2f
                0x80004cac                rlVertex3f
                0x80004cf8                rlTexCoord2f
                0x80004d3c                rlNormal3f
                0x80004d88                rlColor4ub
                0x80004e08                rlColor3f
                0x80004e54                rlColor4f
                0x80004ea8                rlSetTexture
                0x80004ef8                rlActiveTextureSlot
                0x80004f1c                rlEnableTexture
                0x80004f64                rlDisableTexture
                0x80004fa8                rlEnableTextureCubemap
                0x80004fcc                rlDisableTextureCubemap
                0x80004fec                rlTextureParameters
                0x800050dc                rlCubemapParameters
                0x80005108                rlEnableShader
                0x8000512c                rlDisableShader
                0x8000514c                rlEnableFramebuffer
                0x80005170                rlGetActiveFramebuffer
                0x8000519c                rlDisableFramebuffer
                0x800051bc                rlBlitFramebuffer
                0x800051fc                rlBindFramebuffer
                0x80005224                rlActiveDrawBuffers
                0x80005248                rlEnableColorBlend
                0x80005280                rlDisableColorBlend
                0x800052b8                rlEnableDepthTest
                0x800052f0                rlDisableDepthTest
                0x80005328                rlEnableDepthMask
                0x80005360                rlDisableDepthMask
                0x80005398                rlEnableBackfaceCulling
                0x800053d0                rlDisableBackfaceCulling
                0x80005408                rlColorMask
                0x80005498                rlSetCullFace
                0x80005500                rlEnableScissorTest
                0x80005538                rlDisableScissorTest
                0x80005570                rlScissor
                0x800055c4                rlEnableWireMode
                0x80005600                rlDisableWireMode
                0x8000563c                rlEnablePointMode
                0x80005684                rlDisablePointMode
                0x800056c0                rlSetLineWidth
                0x800056fc                rlGetLineWidth
                0x8000574c                rlSetPointSize
                0x80005788                rlGetPointSize
                0x800057d8                rlEnableSmoothLines
                0x80005810                rlDisableSmoothLines
                0x80005848                rlEnableStereoRender
                0x80005868                rlDisableStereoRender
                0x80005888                rlIsStereoRenderEnabled
                0x800058b0                rlClearColor
                0x800059f0                rlClearScreenBuffers
                0x80005a28                rlCheckErrors
                0x80005a48                rlSetBlendMode
                0x80005a6c                rlSetBlendFactors
                0x80005a98                rlSetBlendFactorsSeparate
                0x80005ad0                rlglInit
                0x80005bc4                rlglClose
                0x80005bf0                rlLoadExtensions
                0x80005ccc                rlGetProcAddress
                0x80005cfc                rlGetVersion
                0x80005d30                rlSetFramebufferWidth
                0x80005d54                rlSetFramebufferHeight
                0x80005d78                rlGetFramebufferWidth
                0x80005da4                rlGetFramebufferHeight
                0x80005dd0                rlGetTextureIdDefault
                0x80005dfc                rlGetShaderIdDefault
                0x80005e28                rlGetShaderLocsDefault
                0x80005e54                rlLoadRenderBatch
                0x80005f58                rlUnloadRenderBatch
                0x80005f78                rlDrawRenderBatch
                0x80005f9c                rlSetRenderBatchActive
                0x80005fc0                rlDrawRenderBatchActive
                0x80005fe0                rlCheckRenderBatchLimit
                0x80006014                rlLoadTexture
                0x80006328                rlLoadTextureDepth
                0x800063a8                rlLoadTextureCubemap
                0x8000646c                rlUpdateTexture
                0x80006550                rlGetGlTextureFormats
                0x80006788                rlUnloadTexture
                0x800067cc                rlGenTextureMipmaps
                0x80006854                rlReadTexturePixels
                0x80006968                rlCopyFramebuffer
                0x800069a0                rlResizeFramebuffer
                0x800069c8                rlReadScreenPixels
                0x80006c14                rlLoadFramebuffer
                0x80006c84                rlFramebufferAttach
                0x80006cb8                rlFramebufferComplete
                0x80006cec                rlUnloadFramebuffer
                0x80006d10                rlLoadVertexBuffer
                0x80006d90                rlLoadVertexBufferElement
                0x80006e10                rlEnableVertexBuffer
                0x80006e34                rlDisableVertexBuffer
                0x80006e54                rlEnableVertexBufferElement
                0x80006e78                rlDisableVertexBufferElement
                0x80006e98                rlUpdateVertexBuffer
                0x80006ec8                rlUpdateVertexBufferElements
                0x80006ef8                rlEnableVertexArray
                0x80006f2c                rlDisableVertexArray
                0x80006f4c                rlEnableVertexAttribute
                0x80006f70                rlDisableVertexAttribute
                0x80006f94                rlDrawVertexArray
                0x80006fdc                rlDrawVertexArrayElements
                0x80007054                rlDrawVertexArrayInstanced
                0x80007080                rlDrawVertexArrayElementsInstanced
                0x800070b0                rlEnableStatePointer
                0x80007204                rlDisableStatePointer
                0x80007244                rlLoadVertexArray
                0x800072b4                rlSetVertexAttribute
                0x800072f0                rlSetVertexAttributeDivisor
                0x80007318                rlUnloadVertexArray
                0x8000733c                rlUnloadVertexBuffer
                0x80007360                rlLoadShader
                0x80007394                rlLoadShaderProgram
                0x8000740c                rlLoadShaderProgramEx
                0x80007484                rlLoadShaderProgramCompute
                0x800074d8                rlUnloadShader
                0x800074fc                rlUnloadShaderProgram
                0x80007520                rlGetLocationUniform
                0x80007554                rlGetLocationAttrib
                0x80007588                rlSetUniform
                0x800075b8                rlSetVertexAttributeDefault
                0x800075e8                rlSetUniformMatrix
                0x8000760c                rlSetUniformMatrices
                0x80007638                rlSetUniformSampler
                0x80007660                rlSetShader
                0x80007688                rlComputeShaderDispatch
                0x800076b4                rlLoadShaderBuffer
                0x80007710                rlUnloadShaderBuffer
                0x80007758                rlUpdateShaderBuffer
                0x80007788                rlGetShaderBufferSize
                0x800077b8                rlReadShaderBuffer
                0x800077e8                rlBindShaderBuffer
                0x80007810                rlCopyShaderBuffer
                0x80007844                rlBindImageTexture
                0x8000789c                rlGetMatrixModelview
                0x8000798c                rlGetMatrixProjection
                0x80007a70                rlGetMatrixTransform
                0x80007ad0                rlGetMatrixProjectionStereo
                0x80007b34                rlGetMatrixViewOffsetStereo
                0x80007b98                rlSetMatrixModelview
                0x80007bb8                rlSetMatrixProjection
                0x80007bd8                rlSetMatrixProjectionStereo
                0x80007bf8                rlSetMatrixViewOffsetStereo
                0x80007c18                rlLoadDrawQuad
                0x80007c38                rlLoadDrawCube
                0x80007c58                rlGetPixelFormatName
                0x80008448                Clamp
                0x800084b4                Lerp
                0x80008504                Normalize
                0x80008554                Remap
                0x800085c4                Wrap
                0x80008650                FloatEquals
                0x80008700                Vector2Zero
                0x80008744                Vector2One
                0x80008788                Vector2Add
                0x80008804                Vector2AddValue
                0x80008870                Vector2Subtract
                0x800088ec                Vector2SubtractValue
                0x80008958                Vector2Length
                0x800089d0                Vector2LengthSqr
                0x80008a30                Vector2DotProduct
                0x80008aa4                Vector2CrossProduct
                0x80008b18                Vector2Distance
                0x80008bc4                Vector2DistanceSqr
                0x80008c58                Vector2Angle
                0x80008d18                Vector2LineAngle
                0x80008db8                Vector2Scale
                0x80008e24                Vector2Multiply
                0x80008ea0                Vector2Negate
                0x80008f00                Vector2Divide
                0x80008f7c                Vector2Normalize
                0x80009054                Vector2Transform
                0x8000913c                Vector2Lerp
                0x800091ec                Vector2Reflect
                0x800092b0                Vector2Min
                0x80009364                Vector2Max
                0x80009418                Vector2Rotate
                0x800094dc                Vector2MoveTowards
                0x80009630                Vector2Invert
                0x800096a0                Vector2Clamp
                0x80009798                Vector2ClampValue
                0x800098b8                Vector2Equals
                0x800099f4                Vector2Refract
                0x80009b58                Vector3Zero
                0x80009bbc                Vector3One
                0x80009c1c                Vector3Add
                0x80009ca4                Vector3AddValue
                0x80009d24                Vector3Subtract
                0x80009dac                Vector3SubtractValue
                0x80009e2c                Vector3Scale
                0x80009eac                Vector3Multiply
                0x80009f34                Vector3CrossProduct
                0x80009fec                Vector3Perpendicular
                0x8000a18c                Vector3Length
                0x8000a204                Vector3LengthSqr
                0x8000a264                Vector3DotProduct
                0x8000a2d0                Vector3Distance
                0x8000a384                Vector3DistanceSqr
                0x8000a420                Vector3Angle
                0x8000a550                Vector3Negate
                0x8000a5c0                Vector3Divide
                0x8000a648                Vector3Normalize
                0x8000a74c                Vector3Project
                0x8000a85c                Vector3Reject
                0x8000a984                Vector3OrthoNormalize
                0x8000ac7c                Vector3Transform
                0x8000adac                Vector3RotateByQuaternion
                0x8000b024                Vector3RotateByAxisAngle
                0x8000b338                Vector3MoveTowards
                0x8000b4e0                Vector3Lerp
                0x8000b5b4                Vector3CubicHermite
                0x8000b840                Vector3Reflect
                0x8000b934                Vector3Min
                0x8000ba08                Vector3Max
                0x8000badc                Vector3Barycenter
                0x8000bd6c                Vector3Unproject
                0x8000c948                Vector3ToFloatV
                0x8000c9c4                Vector3Invert
                0x8000ca4c                Vector3Clamp
                0x8000cb70                Vector3ClampValue
                0x8000ccbc                Vector3Equals
                0x8000ce40                Vector3Refract
                0x8000cff0                Vector4Zero
                0x8000d058                Vector4One
                0x8000d0c8                Vector4Add
                0x8000d168                Vector4AddValue
                0x8000d200                Vector4Subtract
                0x8000d2a0                Vector4SubtractValue
                0x8000d338                Vector4Length
                0x8000d3c0                Vector4LengthSqr
                0x8000d430                Vector4DotProduct
                0x8000d4ac                Vector4Distance
                0x8000d580                Vector4DistanceSqr
                0x8000d63c                Vector4Scale
                0x8000d6d4                Vector4Multiply
                0x8000d774                Vector4Negate
                0x8000d7f8                Vector4Divide
                0x8000d898                Vector4Normalize
                0x8000d9cc                Vector4Min
                0x8000dacc                Vector4Max
                0x8000dbcc                Vector4Lerp
                0x8000dcd0                Vector4MoveTowards
                0x8000decc                Vector4Invert
                0x8000df70                Vector4Equals
                0x8000e154                MatrixDeterminant
                0x8000e410                MatrixTrace
                0x8000e460                MatrixTranspose
                0x8000e558                MatrixInvert
                0x8000ebdc                MatrixIdentity
                0x8000ec54                MatrixAdd
                0x8000edd8                MatrixSubtract
                0x8000ef5c                MatrixMultiply
                0x8000f3e0                MatrixMultiplyValue
                0x8000f544                MatrixTranslate
                0x8000f658                MatrixRotate
                0x8000f948                MatrixRotateX
                0x8000fa00                MatrixRotateY
                0x8000fab8                MatrixRotateZ
                0x8000fb70                MatrixRotateXYZ
                0x8000fd58                MatrixRotateZYX
                0x8000ff70                MatrixScale
                0x80010084                MatrixFrustum
                0x80010278                MatrixPerspective
                0x80010448                MatrixOrtho
                0x80010628                MatrixLookAt
                0x80010a3c                MatrixToFloatV
                0x80010b34                QuaternionAdd
                0x80010bd4                QuaternionAddValue
                0x80010c6c                QuaternionSubtract
                0x80010d0c                QuaternionSubtractValue
                0x80010da4                QuaternionIdentity
                0x80010e1c                QuaternionLength
                0x80010ea4                QuaternionNormalize
                0x80010fe4                QuaternionInvert
                0x8001110c                QuaternionMultiply
                0x800112cc                QuaternionScale
                0x80011384                QuaternionDivide
                0x80011424                QuaternionLerp
                0x80011528                QuaternionNlerp
                0x80011718                QuaternionSlerp
                0x80011ab0                QuaternionCubicHermiteSpline
                0x80011e80                QuaternionFromVector3ToVector3
                0x800120e4                QuaternionFromMatrix
                0x80012414                QuaternionToMatrix
                0x80012600                QuaternionFromAxisAngle
                0x80012868                QuaternionToAxisAngle
                0x80012a5c                QuaternionFromEuler
                0x80012c48                QuaternionToEuler
                0x80012e00                QuaternionTransform
                0x80012f80                QuaternionEquals
                0x800132e4                MatrixCompose
                0x80013638                MatrixDecompose
                0x80014058                SetGesturesEnabled
                0x8001408c                IsGestureDetected
                0x800140e8                ProcessGestureEvent
                0x80014bc4                UpdateGestures
                0x80014cb4                GetGestureDetected
                0x80014cf0                GetGestureHoldDuration
                0x80014d64                GetGestureDragVector
                0x80014d98                GetGestureDragAngle
                0x80014dc4                GetGesturePinchVector
                0x80014df8                GetGesturePinchAngle
                0x80014fdc                GetCameraForward
                0x80015094                GetCameraUp
                0x800150fc                GetCameraRight
                0x800151cc                CameraMoveForward
                0x800153f8                CameraMoveUp
                0x80015568                CameraMoveRight
                0x80015794                CameraMoveToTarget
                0x8001590c                CameraYaw
                0x80015b08                CameraPitch
                0x80015ed4                CameraRoll
                0x80015f94                GetCameraViewMatrix
                0x80016044                GetCameraProjectionMatrix
                0x80016168                UpdateCamera
                0x800169fc                UpdateCameraPro
                0x80018708                sinflate
                0x80018a2c                zsinflate
                0x8001b88c                sdeflate
                0x8001bbd4                zsdeflate
                0x8001bd1c                sdefl_bound
                0x8001bd8c                rprand_set_seed
                0x8001be7c                rprand_get_value
                0x8001bef4                rprand_load_sequence
                0x8001c080                rprand_unload_sequence
                0x8001c460                InitWindow
                0x8001c944                CloseWindow
                0x8001c9a4                IsWindowReady
                0x8001c9d4                IsWindowFullscreen
                0x8001ca10                IsWindowHidden
                0x8001ca4c                IsWindowMinimized
                0x8001ca88                IsWindowMaximized
                0x8001cac4                IsWindowFocused
                0x8001cb04                IsWindowResized
                0x8001cb34                IsWindowState
                0x8001cb80                GetScreenWidth
                0x8001cbac                GetScreenHeight
                0x8001cbd8                GetRenderWidth
                0x8001cc40                GetRenderHeight
                0x8001cca8                EnableEventWaiting
                0x8001ccd8                DisableEventWaiting
                0x8001cd08                IsCursorHidden
                0x8001cd38                IsCursorOnScreen
                0x8001cd68                ClearBackground
                0x8001cde4                BeginDrawing
                0x8001ceb0                EndDrawing
                0x8001d034                BeginMode2D
                0x8001d0f8                EndMode2D
                0x8001d184                BeginMode3D
                0x8001d40c                EndMode3D
                0x8001d4b0                BeginTextureMode
                0x8001d604                EndTextureMode
                0x8001d6f4                BeginShaderMode
                0x8001d754                EndShaderMode
                0x8001d7a8                BeginBlendMode
                0x8001d7e4                EndBlendMode
                0x8001d81c                BeginScissorMode
                0x8001da28                EndScissorMode
                0x8001da60                BeginVrStereoMode
                0x8001db38                EndVrStereoMode
                0x8001db6c                LoadVrStereoConfig
                0x8001e098                UnloadVrStereoConfig
                0x8001e0dc                LoadShader
                0x8001e1c8                LoadShaderFromMemory
                0x8001e5c0                IsShaderValid
                0x8001e628                UnloadShader
                0x8001e6a0                GetShaderLocation
                0x8001e704                GetShaderLocationAttrib
                0x8001e768                SetShaderValue
                0x8001e7ec                SetShaderValueV
                0x8001e874                SetShaderValueMatrix
                0x8001e90c                SetShaderValueTexture
                0x8001e988                GetScreenToWorldRay
                0x8001ea80                GetScreenToWorldRayEx
                0x8001f0ac                GetCameraMatrix
                0x8001f178                GetCameraMatrix2D
                0x8001f3d0                GetWorldToScreen
                0x8001f4a4                GetWorldToScreenEx
                0x8001f8ec                GetWorldToScreen2D
                0x8001fa20                GetScreenToWorld2D
                0x8001fb84                SetTargetFPS
                0x8001fc4c                GetFPS
                0x8001fe64                GetFrameTime
                0x8001fe94                WaitTime
                0x8001ff28                SetRandomSeed
                0x8001ff74                GetRandomValue
                0x8001fff0                LoadRandomSequence
                0x8002004c                UnloadRandomSequence
                0x80020088                TakeScreenshot
                0x8002035c                SetConfigFlags
                0x800203dc                SetTraceLogLevel
                0x8002040c                TraceLog
                0x80020700                SetTraceLogCallback
                0x80020730                MemAlloc
                0x8002077c                MemRealloc
                0x800207c8                MemFree
                0x80020804                LoadFileData
                0x80020a30                UnloadFileData
                0x80020a6c                SaveFileData
                0x80020bf8                ExportDataAsCode
                0x80021190                LoadFileText
                0x8002136c                UnloadFileText
                0x800213a8                SaveFileText
                0x800214fc                SetLoadFileDataCallback
                0x8002152c                SetSaveFileDataCallback
                0x8002155c                SetLoadFileTextCallback
                0x8002158c                SetSaveFileTextCallback
                0x800215bc                FileRename
                0x80021634                FileRemove
                0x800216a4                FileCopy
                0x80021790                FileMove
                0x8002184c                FileTextReplace
                0x80021904                FileTextFindIndex
                0x800219a0                FileExists
                0x80021a08                IsFileExtension
                0x80021d5c                DirectoryExists
                0x80021dc8                GetFileLength
                0x80021e54                GetFileModTime
                0x80021ee0                GetFileExtension
                0x80021fcc                GetFileName
                0x80022044                GetFileNameWithoutExt
                0x8002212c                GetDirectoryPath
                0x80022348                GetPrevDirectoryPath
                0x8002248c                GetWorkingDirectory
                0x800224e8                GetApplicationDirectory
                0x80022534                LoadDirectoryFiles
                0x80022588                LoadDirectoryFilesEx
                0x80022718                UnloadDirectoryFiles
                0x800227c0                MakeDirectory
                0x800229cc                ChangeDirectory
                0x80022a74                IsPathFile
                0x80022af0                IsFileNameValid
                0x80022cfc                IsFileDropped
                0x80022d48                LoadDroppedFiles
                0x80022da4                UnloadDroppedFiles
                0x80022e6c                GetDirectoryFileCount
                0x80022eb8                GetDirectoryFileCountEx
                0x8002314c                CompressData
                0x80023220                DecompressData
                0x80023300                EncodeDataBase64
                0x80023634                DecodeDataBase64
                0x800239c0                ComputeCRC32
                0x80023a64                ComputeMD5
                0x80023e8c                ComputeSHA1
                0x800245d0                ComputeSHA256
                0x80024de4                LoadAutomationEventList
                0x80024e40                UnloadAutomationEventList
                0x80024e60                ExportAutomationEventList
                0x80024e94                SetAutomationEventList
                0x80024eb8                SetAutomationEventBaseFrame
                0x80024eec                StartAutomationEventRecording
                0x80024f0c                StopAutomationEventRecording
                0x80024f2c                PlayAutomationEvent
                0x80024f4c                IsKeyPressed
                0x80024fe8                IsKeyPressedRepeat
                0x80025060                IsKeyDown
                0x800250d8                IsKeyReleased
                0x80025174                IsKeyUp
                0x800251ec                GetKeyPressed
                0x80025300                GetCharPressed
                0x80025414                SetExitKey
                0x80025448                IsGamepadAvailable
                0x800254b4                GetGamepadName
                0x800254f4                IsGamepadButtonPressed
                0x800255d0                IsGamepadButtonDown
                0x8002567c                IsGamepadButtonReleased
                0x80025758                IsGamepadButtonUp
                0x80025804                GetGamepadButtonPressed
                0x80025830                GetGamepadAxisCount
                0x80025874                GetGamepadAxisMovement
                0x800259cc                IsMouseButtonPressed
                0x80025ab8                IsMouseButtonDown
                0x80025b5c                IsMouseButtonReleased
                0x80025c48                IsMouseButtonUp
                0x80025cec                GetMouseX
                0x80025d50                GetMouseY
                0x80025db4                GetMousePosition
                0x80025e50                GetMouseDelta
                0x80025eec                SetMouseOffset
                0x80025f7c                SetMouseScale
                0x80025fc4                GetMouseWheelMove
                0x80026040                GetMouseWheelMoveV
                0x80026094                GetTouchX
                0x800260d8                GetTouchY
                0x8002611c                GetTouchPosition
                0x800261c4                GetTouchPointId
                0x80026224                GetTouchPointCount
 .text          0x800266fc     0xde08 C:/devkitPro/libogc2/wii/lib\libraylib.a(rshapes.o)
                0x800266fc                SetShapesTexture
                0x80026830                GetShapesTexture
                0x80026888                GetShapesTextureRectangle
                0x800268d8                DrawPixel
                0x800269a8                DrawPixelV
                0x80026d24                DrawLine
                0x80026e70                DrawLineEx
                0x80027030                DrawLineV
                0x80027104                DrawLineStrip
                0x8002723c                DrawLineBezier
                0x8002754c                DrawLineDashed
                0x80027838                DrawCircle
                0x80027910                DrawCircleV
                0x800279b8                DrawCircleGradient
                0x80027c70                DrawCircleSector
                0x80028600                DrawCircleSectorLines
                0x80028adc                DrawCircleLines
                0x80028bb4                DrawCircleLinesV
                0x80028de4                DrawEllipse
                0x80028ec4                DrawEllipseV
                0x8002910c                DrawEllipseLines
                0x800291ec                DrawEllipseLinesV
                0x80029420                DrawRing
                0x80029b1c                DrawRingLines
                0x8002a1f4                DrawRectangle
                0x8002a33c                DrawRectangleV
                0x8002a430                DrawRectangleRec
                0x8002a4e8                DrawRectanglePro
                0x8002aafc                DrawRectangleGradientV
                0x8002ac70                DrawRectangleGradientH
                0x8002ade4                DrawRectangleGradientEx
                0x8002b208                DrawRectangleLines
                0x8002b790                DrawRectangleLinesEx
                0x8002ba10                DrawRectangleRounded
                0x8002d30c                DrawRectangleRoundedLines
                0x8002d3b4                DrawRectangleRoundedLinesEx
                0x8002ed10                DrawTriangle
                0x8002f084                DrawTriangleLines
                0x8002f1bc                DrawTriangleFan
                0x8002f584                DrawTriangleStrip
                0x8002f7d0                DrawPoly
                0x8002fc4c                DrawPolyLines
                0x8002fe44                DrawPolyLinesEx
                0x80030330                DrawSplineLinear
                0x800305f0                DrawSplineBasis
                0x80030d34                DrawSplineCatmullRom
                0x80031358                DrawSplineBezierQuadratic
                0x80031478                DrawSplineBezierCubic
                0x800315bc                DrawSplineSegmentLinear
                0x8003177c                DrawSplineSegmentBasis
                0x80031d20                DrawSplineSegmentCatmullRom
                0x800321a8                DrawSplineSegmentBezierQuadratic
                0x80032558                DrawSplineSegmentBezierCubic
                0x80032998                GetSplinePointLinear
                0x80032a60                GetSplinePointBasis
                0x80032d88                GetSplinePointCatmullRom
                0x80032fa4                GetSplinePointBezierQuad
                0x800330f8                GetSplinePointBezierCubic
                0x800332e4                CheckCollisionPointRec
                0x80033394                CheckCollisionPointCircle
                0x80033458                CheckCollisionPointTriangle
                0x80033640                CheckCollisionPointPoly
                0x800337f8                CheckCollisionRecs
                0x800338a8                CheckCollisionCircles
                0x80033978                CheckCollisionCircleRec
                0x80033b64                CheckCollisionLines
                0x80033d7c                CheckCollisionPointLine
                0x80034030                CheckCollisionCircleLine
                0x8003426c                GetCollisionRec
 .text          0x80034504    0x5d1a4 C:/devkitPro/libogc2/wii/lib\libraylib.a(rtextures.o)
                0x80034810                stbi_failure_reason
                0x80034ef4                stbi_image_free
                0x80034f30                stbi_set_flip_vertically_on_load
                0x800357d0                stbi_load
                0x80035870                stbi_load_from_file
                0x80035910                stbi_load_from_file_16
                0x800359b0                stbi_load_16
                0x80035a50                stbi_load_16_from_memory
                0x80035acc                stbi_load_16_from_callbacks
                0x80035b48                stbi_load_from_memory
                0x80035bc4                stbi_load_from_callbacks
                0x80035c40                stbi_load_gif_from_memory
                0x80035dd8                stbi_loadf_from_memory
                0x80035e54                stbi_loadf_from_callbacks
                0x80035ed0                stbi_loadf
                0x80035f70                stbi_loadf_from_file
                0x80035fe4                stbi_is_hdr_from_memory
                0x80036010                stbi_is_hdr
                0x80036084                stbi_is_hdr_from_file
                0x800360ac                stbi_is_hdr_from_callbacks
                0x800360d8                stbi_ldr_to_hdr_gamma
                0x80036108                stbi_ldr_to_hdr_scale
                0x80036138                stbi_hdr_to_ldr_gamma
                0x80036174                stbi_hdr_to_ldr_scale
                0x800393b4                stbi_zlib_decode_malloc_guesssize
                0x80039490                stbi_zlib_decode_malloc
                0x800394e4                stbi_zlib_decode_malloc_guesssize_headerflag
                0x800395c4                stbi_zlib_decode_buffer
                0x80039658                stbi_zlib_decode_noheader_malloc
                0x8003972c                stbi_zlib_decode_noheader_buffer
                0x8003b354                stbi_set_unpremultiply_on_load
                0x8003b384                stbi_convert_iphone_png_to_rgb
                0x800404b4                stbi_info
                0x8004054c                stbi_info_from_file
                0x800405d8                stbi_is_16_bit
                0x80040658                stbi_is_16_bit_from_file
                0x800406cc                stbi_info_from_memory
                0x80040740                stbi_info_from_callbacks
                0x800407b4                stbi_is_16_bit_from_memory
                0x80040810                stbi_is_16_bit_from_callbacks
                0x8004086c                rl_load_dds_from_memory
                0x80041300                get_gl_texture_formats
                0x80041514                qoi_encode
                0x80041d38                qoi_decode
                0x80042348                qoi_write
                0x80042448                qoi_read
                0x800426e8                stb_perlin_noise3_internal
                0x80042d30                stb_perlin_noise3
                0x80042d9c                stb_perlin_noise3_seed
                0x80042e14                stb_perlin_ridge_noise3
                0x80042f74                stb_perlin_fbm_noise3
                0x80043090                stb_perlin_turbulence_noise3
                0x800431b8                stb_perlin_noise3_wrap_nonpow2
                0x80074dc0                stbir_resize_init
                0x80074e8c                stbir_set_datatypes
                0x80074f14                stbir_set_pixel_callbacks
                0x80074f98                stbir_set_user_data
                0x80074ffc                stbir_set_buffer_ptrs
                0x800750a4                stbir_set_edgemodes
                0x800750f8                stbir_set_filters
                0x8007514c                stbir_set_filter_callbacks
                0x800751c0                stbir_set_pixel_layouts
                0x80075214                stbir_set_non_pm_alpha_speed_over_quality
                0x80075258                stbir_set_input_subrect
                0x8007535c                stbir_set_output_pixel_subrect
                0x80075440                stbir_set_pixel_subrect
                0x80075a18                stbir_free_samplers
                0x80075a84                stbir_build_samplers_with_splits
                0x80075b18                stbir_build_samplers
                0x80075b5c                stbir_resize_extended
                0x80075c74                stbir_resize_extended_split
                0x80075ffc                stbir_resize_uint8_linear
                0x80076094                stbir_resize_uint8_srgb
                0x8007612c                stbir_resize_float_linear
                0x800761c4                stbir_resize
                0x8007625c                LoadImage
                0x80076340                LoadImageRaw
                0x800764b8                LoadImageAnim
                0x80076654                LoadImageAnimFromMemory
                0x8007683c                LoadImageFromMemory
                0x80076c98                LoadImageFromTexture
                0x80076dec                LoadImageFromScreen
                0x80076eb8                IsImageValid
                0x80076f38                UnloadImage
                0x80076f80                ExportImage
                0x8007704c                ExportImageToMemory
                0x8007714c                ExportImageAsCode
                0x80077714                GenImageColor
                0x80077820                GenImageGradientLinear
                0x80077e34                GenImageGradientRadial
                0x800783d8                GenImageGradientSquare
                0x80078900                GenImageChecked
                0x80078aa4                GenImageWhiteNoise
                0x80078c24                GenImagePerlinNoise
                0x80078f88                GenImageCellular
                0x80079460                GenImageText
                0x80079580                ImageCopy
                0x80079720                ImageFromImage
                0x8007993c                ImageCrop
                0x80079d6c                ImageFormat
                0x8007b11c                ImageText
                0x8007b2a8                ImageTextEx
                0x8007b928                ImageFromChannel
                0x8007c33c                ImageResizeNN
                0x8007c574                ImageResize
                0x8007c8bc                ImageResizeCanvas
                0x8007cf5c                ImageToPOT
                0x8007d120                ImageAlphaCrop
                0x8007d238                ImageAlphaClear
                0x8007dc7c                ImageAlphaMask
                0x8007df64                ImageAlphaPremultiply
                0x8007e28c                ImageBlurGaussian
                0x8007f2e4                ImageKernelConvolution
                0x8007fe24                ImageMipmaps
                0x80080210                ImageDither
                0x800810fc                ImageFlipVertical
                0x800812b4                ImageFlipHorizontal
                0x800814cc                ImageRotate
                0x80081df8                ImageRotateCW
                0x80082040                ImageRotateCCW
                0x80082288                ImageColorTint
                0x80082528                ImageColorInvert
                0x800826c8                ImageColorGrayscale
                0x80082708                ImageColorContrast
                0x80082b88                ImageColorBrightness
                0x80082e00                ImageColorReplace
                0x800830a8                LoadImageColors
                0x80083f84                LoadImagePalette
                0x80084278                UnloadImageColors
                0x800842b4                UnloadImagePalette
                0x800842f0                GetImageAlphaBorder
                0x800845d0                GetImageColor
                0x800852a8                ImageClearBackground
                0x80085400                ImageDrawPixel
                0x80086778                ImageDrawPixelV
                0x8008681c                ImageDrawLine
                0x80086a58                ImageDrawLineV
                0x80086b80                ImageDrawLineEx
                0x80086ebc                ImageDrawCircle
                0x800870a8                ImageDrawCircleV
                0x80087154                ImageDrawCircleLines
                0x80087400                ImageDrawCircleLinesV
                0x800874ac                ImageDrawRectangle
                0x800875f4                ImageDrawRectangleV
                0x800876d0                ImageDrawRectangleRec
                0x80087b88                ImageDrawRectangleLines
                0x80087e70                ImageDrawTriangle
                0x800886b4                ImageDrawTriangleEx
                0x8008918c                ImageDrawTriangleLines
                0x80089354                ImageDrawTriangleFan
                0x80089460                ImageDrawTriangleStrip
                0x80089630                ImageDraw
                0x8008a2d8                ImageDrawText
                0x8008a448                ImageDrawTextEx
                0x8008a6cc                LoadTexture
                0x8008a7e4                LoadTextureFromImage
                0x8008a8f4                LoadTextureCubemap
                0x8008b52c                LoadRenderTexture
                0x8008b6d0                IsTextureValid
                0x8008b750                UnloadTexture
                0x8008b7c0                IsRenderTextureValid
                0x8008b8a8                UnloadRenderTexture
                0x8008b914                UpdateTexture
                0x8008b978                UpdateTextureRec
                0x8008ba28                GenTextureMipmaps
                0x8008ba94                SetTextureFilter
                0x8008bce4                SetTextureWrap
                0x8008be3c                DrawTexture
                0x8008bf60                DrawTextureV
                0x8008c038                DrawTextureEx
                0x8008c24c                DrawTextureRec
                0x8008c3ac                DrawTexturePro
                0x8008ca48                DrawTextureNPatch
                0x8008d9e8                ColorIsEqual
                0x8008daa0                Fade
                0x8008db4c                ColorToInt
                0x8008dbc8                ColorNormalize
                0x8008dd04                ColorFromNormalized
                0x8008ddc4                ColorToHSV
                0x8008e114                ColorFromHSV
                0x8008e438                ColorTint
                0x8008e574                ColorBrightness
                0x8008e790                ColorContrast
                0x8008ead8                ColorAlpha
                0x8008eb84                ColorAlphaBlend
                0x8008edd8                ColorLerp
                0x8008f09c                GetColor
                0x8008f0f0                GetPixelColor
                0x8008f94c                SetPixelColor
                0x800901f0                GetPixelDataSize
 .text          0x800916a8    0x1d1e0 C:/devkitPro/libogc2/wii/lib\libraylib.a(rtext.o)
                0x800916a8                stbrp_setup_heuristic
                0x80091758                stbrp_setup_allow_out_of_mem
                0x800917c8                stbrp_init_target
                0x8009237c                stbrp_pack_rects
                0x800a4b30                LoadFontDefault
                0x800a52d8                UnloadFontDefault
                0x800a5418                GetFontDefault
                0x800a5470                LoadFont
                0x800a571c                LoadFontEx
                0x800a57f4                LoadFontFromImage
                0x800a64c8                LoadFontFromMemory
                0x800a6874                IsFontValid
                0x800a68e4                LoadFontData
                0x800a713c                GenImageFontAtlas
                0x800a7df8                UnloadFontData
                0x800a7eb0                UnloadFont
                0x800a7f78                ExportFontAsCode
                0x800a8df4                DrawFPS
                0x800a8ef8                DrawText
                0x800a90b4                DrawTextEx
                0x800a93bc                DrawTextPro
                0x800a9534                DrawTextCodepoint
                0x800a9984                DrawTextCodepoints
                0x800a9c98                SetTextLineSpacing
                0x800a9cc8                MeasureText
                0x800a9e24                MeasureTextEx
                0x800aa190                MeasureTextCodepoints
                0x800aa4d4                GetGlyphIndex
                0x800aa60c                GetGlyphInfo
                0x800aa6e8                GetGlyphAtlasRec
                0x800aa7d4                LoadTextLines
                0x800aa9c4                UnloadTextLines
                0x800aaa48                TextLength
                0x800aaab0                TextFormat
                0x800aac10                TextToInteger
                0x800aad24                TextToFloat
                0x800aaf50                TextCopy
                0x800aaff4                TextIsEqual
                0x800ab074                TextSubtext
                0x800ab19c                TextRemoveSpaces
                0x800ab288                GetTextBetween
                0x800ab3d0                TextReplace
                0x800ab630                TextReplaceAlloc
                0x800ab888                TextReplaceBetween
                0x800aba54                TextReplaceBetweenAlloc
                0x800abc48                TextInsert
                0x800abe1c                TextInsertAlloc
                0x800abfd8                TextJoin
                0x800ac150                TextSplit
                0x800ac2d0                TextAppend
                0x800ac368                TextFindIndex
                0x800ac3e4                TextToUpper
                0x800ac504                TextToLower
                0x800ac624                TextToPascal
                0x800ac838                TextToSnake
                0x800ac998                TextToCamel
                0x800acb50                LoadUTF8
                0x800acca0                UnloadUTF8
                0x800accdc                LoadCodepoints
                0x800ace5c                UnloadCodepoints
                0x800ace98                GetCodepointCount
                0x800acf3c                CodepointToUTF8
                0x800ad15c                GetCodepoint
                0x800ad59c                GetCodepointNext
                0x800ad844                GetCodepointPrevious
 .text.draw_sync_callback
                0x800ae888        0x8 C:/devkitPro/libogc2/wii/lib\libopengx.a(gc_gl.o)
 .text.update_viewport
                0x800ae890       0xdc C:/devkitPro/libogc2/wii/lib\libopengx.a(gc_gl.o)
 .text.update_scissor
                0x800ae96c       0xa0 C:/devkitPro/libogc2/wii/lib\libopengx.a(gc_gl.o)
 .text.setup_common_stages
                0x800aea0c       0x84 C:/devkitPro/libogc2/wii/lib\libopengx.a(gc_gl.o)
 .text.draw_elements_general
                0x800aea90      0x10c C:/devkitPro/libogc2/wii/lib\libopengx.a(gc_gl.o)
 .text.flat_draw_elements
                0x800aeb9c       0x34 C:/devkitPro/libogc2/wii/lib\libopengx.a(gc_gl.o)
 .text.flat_draw_geometry
                0x800aebd0       0xe4 C:/devkitPro/libogc2/wii/lib\libopengx.a(gc_gl.o)
 .text._ogx_fbo_get_integerv
                0x800aecb4        0x8 C:/devkitPro/libogc2/wii/lib\libopengx.a(gc_gl.o)
                0x800aecb4                _ogx_fbo_get_integerv
 .text._ogx_shader_initialize
                0x800aecbc        0x4 C:/devkitPro/libogc2/wii/lib\libopengx.a(gc_gl.o)
                0x800aecbc                _ogx_shader_initialize
 .text._ogx_shader_setup_draw
                0x800aecc0       0x40 C:/devkitPro/libogc2/wii/lib\libopengx.a(gc_gl.o)
                0x800aecc0                _ogx_shader_setup_draw
 .text._ogx_shader_update_vertex_array_readers
                0x800aed00        0x4 C:/devkitPro/libogc2/wii/lib\libopengx.a(gc_gl.o)
                0x800aed00                _ogx_shader_update_vertex_array_readers
 .text._ogx_shader_draw_done
                0x800aed04        0x4 C:/devkitPro/libogc2/wii/lib\libopengx.a(gc_gl.o)
                0x800aed04                _ogx_shader_draw_done
 .text._ogx_set_projection
                0x800aed08      0x1bc C:/devkitPro/libogc2/wii/lib\libopengx.a(gc_gl.o)
                0x800aed08                _ogx_set_projection
 .text._ogx_update_matrices_fixed_pipeline
                0x800aeec4       0x6c C:/devkitPro/libogc2/wii/lib\libopengx.a(gc_gl.o)
                0x800aeec4                _ogx_update_matrices_fixed_pipeline
 .text._ogx_setup_2D_projection
                0x800aef30       0xf0 C:/devkitPro/libogc2/wii/lib\libopengx.a(gc_gl.o)
                0x800aef30                _ogx_setup_2D_projection
 .text._ogx_setup_3D_projection
                0x800af020       0x2c C:/devkitPro/libogc2/wii/lib\libopengx.a(gc_gl.o)
                0x800af020                _ogx_setup_3D_projection
 .text._ogx_scene_save_from_efb
                0x800af04c       0x68 C:/devkitPro/libogc2/wii/lib\libopengx.a(gc_gl.o)
                0x800af04c                _ogx_scene_save_from_efb
 .text._ogx_fbo_scene_save_from_efb
                0x800af0b4        0x4 C:/devkitPro/libogc2/wii/lib\libopengx.a(gc_gl.o)
                0x800af0b4                _ogx_fbo_scene_save_from_efb
 .text._ogx_scene_load_into_efb
                0x800af0b8       0xf0 C:/devkitPro/libogc2/wii/lib\libopengx.a(gc_gl.o)
                0x800af0b8                _ogx_scene_load_into_efb
 .text._ogx_fbo_scene_load_into_efb
                0x800af1a8        0x4 C:/devkitPro/libogc2/wii/lib\libopengx.a(gc_gl.o)
                0x800af1a8                _ogx_fbo_scene_load_into_efb
 .text._ogx_efb_set_content_type_real
                0x800af1ac       0xb4 C:/devkitPro/libogc2/wii/lib\libopengx.a(gc_gl.o)
                0x800af1ac                _ogx_efb_set_content_type_real
 .text.glDrawBuffer
                0x800af260       0x94 C:/devkitPro/libogc2/wii/lib\libopengx.a(gc_gl.o)
                0x800af260                glDrawBuffer
 .text.glReadBuffer
                0x800af2f4       0x94 C:/devkitPro/libogc2/wii/lib\libopengx.a(gc_gl.o)
                0x800af2f4                glReadBuffer
 .text.glEnable
                0x800af388      0x4e0 C:/devkitPro/libogc2/wii/lib\libopengx.a(gc_gl.o)
                0x800af388                glEnable
 .text.glDisable
                0x800af868      0x460 C:/devkitPro/libogc2/wii/lib\libopengx.a(gc_gl.o)
                0x800af868                glDisable
 .text.glFogf   0x800afcc8       0xac C:/devkitPro/libogc2/wii/lib\libopengx.a(gc_gl.o)
                0x800afcc8                glFogf
 .text.glFogi   0x800afd74       0xa0 C:/devkitPro/libogc2/wii/lib\libopengx.a(gc_gl.o)
                0x800afd74                glFogi
 .text.glFogfv  0x800afe14       0xe8 C:/devkitPro/libogc2/wii/lib\libopengx.a(gc_gl.o)
                0x800afe14                glFogfv
 .text.glLightf
                0x800afefc      0x118 C:/devkitPro/libogc2/wii/lib\libopengx.a(gc_gl.o)
                0x800afefc                glLightf
 .text.glLightfv
                0x800b0014      0x1d4 C:/devkitPro/libogc2/wii/lib\libopengx.a(gc_gl.o)
                0x800b0014                glLightfv
 .text.glLightModelfv
                0x800b01e8       0x60 C:/devkitPro/libogc2/wii/lib\libopengx.a(gc_gl.o)
                0x800b01e8                glLightModelfv
 .text.glMaterialfv
                0x800b0248      0x1bc C:/devkitPro/libogc2/wii/lib\libopengx.a(gc_gl.o)
                0x800b0248                glMaterialfv
 .text.glMaterialf
                0x800b0404       0x28 C:/devkitPro/libogc2/wii/lib\libopengx.a(gc_gl.o)
                0x800b0404                glMaterialf
 .text.glColorMaterial
                0x800b042c       0x1c C:/devkitPro/libogc2/wii/lib\libopengx.a(gc_gl.o)
                0x800b042c                glColorMaterial
 .text.glPixelStorei
                0x800b0448      0x164 C:/devkitPro/libogc2/wii/lib\libopengx.a(gc_gl.o)
                0x800b0448                glPixelStorei
 .text.glPixelStoref
                0x800b05ac       0x1c C:/devkitPro/libogc2/wii/lib\libopengx.a(gc_gl.o)
                0x800b05ac                glPixelStoref
 .text.glCullFace
                0x800b05c8       0x1c C:/devkitPro/libogc2/wii/lib\libopengx.a(gc_gl.o)
                0x800b05c8                glCullFace
 .text.glFrontFace
                0x800b05e4       0xb0 C:/devkitPro/libogc2/wii/lib\libopengx.a(gc_gl.o)
                0x800b05e4                glFrontFace
 .text.glBegin  0x800b0694      0x118 C:/devkitPro/libogc2/wii/lib\libopengx.a(gc_gl.o)
                0x800b0694                glBegin
 .text.glViewport
                0x800b07ac       0xb0 C:/devkitPro/libogc2/wii/lib\libopengx.a(gc_gl.o)
                0x800b07ac                glViewport
 .text.glScissor
                0x800b085c       0x34 C:/devkitPro/libogc2/wii/lib\libopengx.a(gc_gl.o)
                0x800b085c                glScissor
 .text.glMatrixMode
                0x800b0890       0x34 C:/devkitPro/libogc2/wii/lib\libopengx.a(gc_gl.o)
                0x800b0890                glMatrixMode
 .text.glPopMatrix
                0x800b08c4      0x184 C:/devkitPro/libogc2/wii/lib\libopengx.a(gc_gl.o)
                0x800b08c4                glPopMatrix
 .text.glPushMatrix
                0x800b0a48      0x170 C:/devkitPro/libogc2/wii/lib\libopengx.a(gc_gl.o)
                0x800b0a48                glPushMatrix
 .text.glLoadMatrixf
                0x800b0bb8      0x1f0 C:/devkitPro/libogc2/wii/lib\libopengx.a(gc_gl.o)
                0x800b0bb8                glLoadMatrixf
 .text.glMultMatrixf
                0x800b0da8      0x214 C:/devkitPro/libogc2/wii/lib\libopengx.a(gc_gl.o)
                0x800b0da8                glMultMatrixf
 .text.glMultMatrixd
                0x800b0fbc       0x5c C:/devkitPro/libogc2/wii/lib\libopengx.a(gc_gl.o)
                0x800b0fbc                glMultMatrixd
 .text.glLoadIdentity
                0x800b1018       0xe4 C:/devkitPro/libogc2/wii/lib\libopengx.a(gc_gl.o)
                0x800b1018                glLoadIdentity
 .text.ogx_initialize
                0x800b10fc      0x598 C:/devkitPro/libogc2/wii/lib\libopengx.a(gc_gl.o)
                0x800b10fc                ogx_initialize
 .text.glScalef
                0x800b1694      0x15c C:/devkitPro/libogc2/wii/lib\libopengx.a(gc_gl.o)
                0x800b1694                glScalef
 .text.glScaled
                0x800b17f0       0x10 C:/devkitPro/libogc2/wii/lib\libopengx.a(gc_gl.o)
                0x800b17f0                glScaled
 .text.glTranslatef
                0x800b1800      0x15c C:/devkitPro/libogc2/wii/lib\libopengx.a(gc_gl.o)
                0x800b1800                glTranslatef
 .text.glTranslated
                0x800b195c       0x10 C:/devkitPro/libogc2/wii/lib\libopengx.a(gc_gl.o)
                0x800b195c                glTranslated
 .text.glRotatef
                0x800b196c      0x1b0 C:/devkitPro/libogc2/wii/lib\libopengx.a(gc_gl.o)
                0x800b196c                glRotatef
 .text.glRotated
                0x800b1b1c       0x14 C:/devkitPro/libogc2/wii/lib\libopengx.a(gc_gl.o)
                0x800b1b1c                glRotated
 .text.glClearColor
                0x800b1b30      0x138 C:/devkitPro/libogc2/wii/lib\libopengx.a(gc_gl.o)
                0x800b1b30                glClearColor
 .text.glClearDepth
                0x800b1c68       0x6c C:/devkitPro/libogc2/wii/lib\libopengx.a(gc_gl.o)
                0x800b1c68                glClearDepth
 .text.glClear  0x800b1cd4      0x41c C:/devkitPro/libogc2/wii/lib\libopengx.a(gc_gl.o)
                0x800b1cd4                glClear
 .text.glDepthFunc
                0x800b20f0       0x28 C:/devkitPro/libogc2/wii/lib\libopengx.a(gc_gl.o)
                0x800b20f0                glDepthFunc
 .text.glDepthMask
                0x800b2118       0x24 C:/devkitPro/libogc2/wii/lib\libopengx.a(gc_gl.o)
                0x800b2118                glDepthMask
 .text.glDepthRange
                0x800b213c       0x1c C:/devkitPro/libogc2/wii/lib\libopengx.a(gc_gl.o)
                0x800b213c                glDepthRange
 .text.glRenderMode
                0x800b2158       0x88 C:/devkitPro/libogc2/wii/lib\libopengx.a(gc_gl.o)
                0x800b2158                glRenderMode
 .text.glFlush  0x800b21e0        0x4 C:/devkitPro/libogc2/wii/lib\libopengx.a(gc_gl.o)
                0x800b21e0                glFlush
 .text.glFinish
                0x800b21e4        0x4 C:/devkitPro/libogc2/wii/lib\libopengx.a(gc_gl.o)
                0x800b21e4                glFinish
 .text.glAlphaFunc
                0x800b21e8       0x54 C:/devkitPro/libogc2/wii/lib\libopengx.a(gc_gl.o)
                0x800b21e8                glAlphaFunc
 .text.glBlendFunc
                0x800b223c      0x1a4 C:/devkitPro/libogc2/wii/lib\libopengx.a(gc_gl.o)
                0x800b223c                glBlendFunc
 .text.glPointSize
                0x800b23e0       0x60 C:/devkitPro/libogc2/wii/lib\libopengx.a(gc_gl.o)
                0x800b23e0                glPointSize
 .text.glLineWidth
                0x800b2440       0x6c C:/devkitPro/libogc2/wii/lib\libopengx.a(gc_gl.o)
                0x800b2440                glLineWidth
 .text.glPolygonMode
                0x800b24ac       0x54 C:/devkitPro/libogc2/wii/lib\libopengx.a(gc_gl.o)
                0x800b24ac                glPolygonMode
 .text.glPolygonOffset
                0x800b2500       0x20 C:/devkitPro/libogc2/wii/lib\libopengx.a(gc_gl.o)
                0x800b2500                glPolygonOffset
 .text.glColorMask
                0x800b2520       0x30 C:/devkitPro/libogc2/wii/lib\libopengx.a(gc_gl.o)
                0x800b2520                glColorMask
 .text.glDisableClientState
                0x800b2550       0xa8 C:/devkitPro/libogc2/wii/lib\libopengx.a(gc_gl.o)
                0x800b2550                glDisableClientState
 .text.glEnableClientState
                0x800b25f8       0xa8 C:/devkitPro/libogc2/wii/lib\libopengx.a(gc_gl.o)
                0x800b25f8                glEnableClientState
 .text.glVertexPointer
                0x800b26a0       0x38 C:/devkitPro/libogc2/wii/lib\libopengx.a(gc_gl.o)
                0x800b26a0                glVertexPointer
 .text.glNormalPointer
                0x800b26d8       0x3c C:/devkitPro/libogc2/wii/lib\libopengx.a(gc_gl.o)
                0x800b26d8                glNormalPointer
 .text.glColorPointer
                0x800b2714       0x38 C:/devkitPro/libogc2/wii/lib\libopengx.a(gc_gl.o)
                0x800b2714                glColorPointer
 .text.glTexCoordPointer
                0x800b274c       0x44 C:/devkitPro/libogc2/wii/lib\libopengx.a(gc_gl.o)
                0x800b274c                glTexCoordPointer
 .text.glInterleavedArrays
                0x800b2790      0x39c C:/devkitPro/libogc2/wii/lib\libopengx.a(gc_gl.o)
                0x800b2790                glInterleavedArrays
 .text._ogx_fp_update_vertex_array_readers
                0x800b2b2c      0x1dc C:/devkitPro/libogc2/wii/lib\libopengx.a(gc_gl.o)
                0x800b2b2c                _ogx_fp_update_vertex_array_readers
 .text._ogx_update_vertex_array_readers
                0x800b2d08       0x8c C:/devkitPro/libogc2/wii/lib\libopengx.a(gc_gl.o)
                0x800b2d08                _ogx_update_vertex_array_readers
 .text._ogx_draw_mode
                0x800b2d94       0x90 C:/devkitPro/libogc2/wii/lib\libopengx.a(gc_gl.o)
                0x800b2d94                _ogx_draw_mode
 .text._ogx_setup_render_stages
                0x800b2e24     0x12e8 C:/devkitPro/libogc2/wii/lib\libopengx.a(gc_gl.o)
                0x800b2e24                _ogx_setup_render_stages
 .text._ogx_apply_state
                0x800b410c      0x4a4 C:/devkitPro/libogc2/wii/lib\libopengx.a(gc_gl.o)
                0x800b410c                _ogx_apply_state
 .text.setup_draw
                0x800b45b0       0xd0 C:/devkitPro/libogc2/wii/lib\libopengx.a(gc_gl.o)
 .text.glArrayElement
                0x800b4680      0x148 C:/devkitPro/libogc2/wii/lib\libopengx.a(gc_gl.o)
                0x800b4680                glArrayElement
 .text._ogx_update_matrices
                0x800b47c8       0x54 C:/devkitPro/libogc2/wii/lib\libopengx.a(gc_gl.o)
                0x800b47c8                _ogx_update_matrices
 .text.glDrawArrays
                0x800b481c      0x2e0 C:/devkitPro/libogc2/wii/lib\libopengx.a(gc_gl.o)
                0x800b481c                glDrawArrays
 .text.glEnd    0x800b4afc      0x1e8 C:/devkitPro/libogc2/wii/lib\libopengx.a(gc_gl.o)
                0x800b4afc                glEnd
 .text.glDrawElements
                0x800b4ce4      0x264 C:/devkitPro/libogc2/wii/lib\libopengx.a(gc_gl.o)
                0x800b4ce4                glDrawElements
 .text.glFrustum
                0x800b4f48       0xf4 C:/devkitPro/libogc2/wii/lib\libopengx.a(gc_gl.o)
                0x800b4f48                glFrustum
 .text.glOrtho  0x800b503c       0xcc C:/devkitPro/libogc2/wii/lib\libopengx.a(gc_gl.o)
                0x800b503c                glOrtho
 .text.glShadeModel
                0x800b5108        0x4 C:/devkitPro/libogc2/wii/lib\libopengx.a(gc_gl.o)
                0x800b5108                glShadeModel
 .text.glHint   0x800b510c        0x4 C:/devkitPro/libogc2/wii/lib\libopengx.a(gc_gl.o)
                0x800b510c                glHint
 .text.glLineStipple
                0x800b5110        0x4 C:/devkitPro/libogc2/wii/lib\libopengx.a(gc_gl.o)
                0x800b5110                glLineStipple
 .text.glPolygonStipple
                0x800b5114        0x4 C:/devkitPro/libogc2/wii/lib\libopengx.a(gc_gl.o)
                0x800b5114                glPolygonStipple
 .text.glLightModelf
                0x800b5118        0x4 C:/devkitPro/libogc2/wii/lib\libopengx.a(gc_gl.o)
                0x800b5118                glLightModelf
 .text.glLightModeli
                0x800b511c        0x4 C:/devkitPro/libogc2/wii/lib\libopengx.a(gc_gl.o)
                0x800b511c                glLightModeli
 .text.glPushAttrib
                0x800b5120        0x4 C:/devkitPro/libogc2/wii/lib\libopengx.a(gc_gl.o)
                0x800b5120                glPushAttrib
 .text.glPopAttrib
                0x800b5124        0x4 C:/devkitPro/libogc2/wii/lib\libopengx.a(gc_gl.o)
                0x800b5124                glPopAttrib
 .text.glPushClientAttrib
                0x800b5128        0x4 C:/devkitPro/libogc2/wii/lib\libopengx.a(gc_gl.o)
                0x800b5128                glPushClientAttrib
 .text.glPopClientAttrib
                0x800b512c        0x4 C:/devkitPro/libogc2/wii/lib\libopengx.a(gc_gl.o)
                0x800b512c                glPopClientAttrib
 .text.glGetError
                0x800b5130       0x1c C:/devkitPro/libogc2/wii/lib\libopengx.a(getters.o)
                0x800b5130                glGetError
 .text.glGetString
                0x800b514c       0xc8 C:/devkitPro/libogc2/wii/lib\libopengx.a(getters.o)
                0x800b514c                glGetString
 .text.glIsEnabled
                0x800b5214      0x254 C:/devkitPro/libogc2/wii/lib\libopengx.a(getters.o)
                0x800b5214                glIsEnabled
 .text.glGetFloatv
                0x800b5468      0x14c C:/devkitPro/libogc2/wii/lib\libopengx.a(getters.o)
                0x800b5468                glGetFloatv
 .text.glGetDoublev
                0x800b55b4       0xc0 C:/devkitPro/libogc2/wii/lib\libopengx.a(getters.o)
                0x800b55b4                glGetDoublev
 .text.glGetIntegerv
                0x800b5674      0x5b0 C:/devkitPro/libogc2/wii/lib\libopengx.a(getters.o)
                0x800b5674                glGetIntegerv
 .text.glGetBooleanv
                0x800b5c24      0x1d8 C:/devkitPro/libogc2/wii/lib\libopengx.a(getters.o)
                0x800b5c24                glGetBooleanv
 .text.glGetPointerv
                0x800b5dfc       0x8c C:/devkitPro/libogc2/wii/lib\libopengx.a(getters.o)
                0x800b5dfc                glGetPointerv
 .text.glGetStringi
                0x800b5e88       0x70 C:/devkitPro/libogc2/wii/lib\libopengx.a(getters.o)
                0x800b5e88                glGetStringi
 .text._ogx_gpu_resources_init
                0x800b5ef8       0x68 C:/devkitPro/libogc2/wii/lib\libopengx.a(gpu_resources.o)
                0x800b5ef8                _ogx_gpu_resources_init
 .text._ogx_gpu_resources_push
                0x800b5f60       0x30 C:/devkitPro/libogc2/wii/lib\libopengx.a(gpu_resources.o)
                0x800b5f60                _ogx_gpu_resources_push
 .text._ogx_gpu_resources_pop
                0x800b5f90       0x10 C:/devkitPro/libogc2/wii/lib\libopengx.a(gpu_resources.o)
                0x800b5f90                _ogx_gpu_resources_pop
 .text._ZN19CompoundPixelStream5writeE9_gx_color
                0x800b5fa0      0x180 C:/devkitPro/libogc2/wii/lib\libopengx.a(raster.o)
                0x800b5fa0                CompoundPixelStream::write(_gx_color)
 .text._ZN19CompoundPixelStream5setupEv
                0x800b6120       0x24 C:/devkitPro/libogc2/wii/lib\libopengx.a(raster.o)
                0x800b6120                CompoundPixelStream::setup()
 .text._ZN5Texel8set_areaEPviiiii
                0x800b6144       0x24 C:/devkitPro/libogc2/wii/lib\libopengx.a(raster.o)
                0x800b6144                Texel::set_area(void*, int, int, int, int, int)
 .text._ZN10TexelRGBA89set_colorE9_gx_color
                0x800b6168        0xc C:/devkitPro/libogc2/wii/lib\libopengx.a(raster.o)
                0x800b6168                TexelRGBA8::set_color(_gx_color)
 .text._ZN10TexelRGBA85storeEv
                0x800b6174       0xa8 C:/devkitPro/libogc2/wii/lib\libopengx.a(raster.o)
                0x800b6174                TexelRGBA8::store()
 .text._ZN10TexelRGBA815pitch_for_widthEi
                0x800b621c       0x14 C:/devkitPro/libogc2/wii/lib\libopengx.a(raster.o)
                0x800b621c                TexelRGBA8::pitch_for_width(int)
 .text._ZN7Texel1615pitch_for_widthEi
                0x800b6230       0x14 C:/devkitPro/libogc2/wii/lib\libopengx.a(raster.o)
                0x800b6230                Texel16::pitch_for_width(int)
 .text._ZN8TexelIA89set_colorE9_gx_color
                0x800b6244       0x38 C:/devkitPro/libogc2/wii/lib\libopengx.a(raster.o)
                0x800b6244                TexelIA8::set_color(_gx_color)
 .text._ZN6Texel815pitch_for_widthEi
                0x800b627c       0x14 C:/devkitPro/libogc2/wii/lib\libopengx.a(raster.o)
                0x800b627c                Texel8::pitch_for_width(int)
 .text._ZN7TexelI89set_colorE9_gx_color
                0x800b6290       0x30 C:/devkitPro/libogc2/wii/lib\libopengx.a(raster.o)
                0x800b6290                TexelI8::set_color(_gx_color)
 .text._ZN7TexelI415pitch_for_widthEi
                0x800b62c0       0x14 C:/devkitPro/libogc2/wii/lib\libopengx.a(raster.o)
                0x800b62c0                TexelI4::pitch_for_width(int)
 .text._ZN7TexelI49set_colorE9_gx_color
                0x800b62d4       0x10 C:/devkitPro/libogc2/wii/lib\libopengx.a(raster.o)
                0x800b62d4                TexelI4::set_color(_gx_color)
 .text._ZN18GenericPixelStreamIfE4readEv
                0x800b62e4       0xf4 C:/devkitPro/libogc2/wii/lib\libopengx.a(raster.o)
                0x800b62e4                GenericPixelStream<float>::read()
 .text._ZN18StencilPixelStreamIfE5writeE9_gx_color
                0x800b63d8       0xc8 C:/devkitPro/libogc2/wii/lib\libopengx.a(raster.o)
                0x800b63d8                StencilPixelStream<float>::write(_gx_color)
 .text._ZN18GenericPixelStreamIfE5setupEv
                0x800b64a0       0x24 C:/devkitPro/libogc2/wii/lib\libopengx.a(raster.o)
                0x800b64a0                GenericPixelStream<float>::setup()
 .text._ZN18GenericPixelStreamIjE4readEv
                0x800b64c4       0xb8 C:/devkitPro/libogc2/wii/lib\libopengx.a(raster.o)
                0x800b64c4                GenericPixelStream<unsigned int>::read()
 .text._ZN18StencilPixelStreamIjE5writeE9_gx_color
                0x800b657c       0x6c C:/devkitPro/libogc2/wii/lib\libopengx.a(raster.o)
                0x800b657c                StencilPixelStream<unsigned int>::write(_gx_color)
 .text._ZN18GenericPixelStreamIjE5setupEv
                0x800b65e8       0x24 C:/devkitPro/libogc2/wii/lib\libopengx.a(raster.o)
                0x800b65e8                GenericPixelStream<unsigned int>::setup()
 .text._ZN18GenericPixelStreamItE4readEv
                0x800b660c       0xb0 C:/devkitPro/libogc2/wii/lib\libopengx.a(raster.o)
                0x800b660c                GenericPixelStream<unsigned short>::read()
 .text._ZN18StencilPixelStreamItE5writeE9_gx_color
                0x800b66bc       0x60 C:/devkitPro/libogc2/wii/lib\libopengx.a(raster.o)
                0x800b66bc                StencilPixelStream<unsigned short>::write(_gx_color)
 .text._ZN18GenericPixelStreamItE5setupEv
                0x800b671c       0x24 C:/devkitPro/libogc2/wii/lib\libopengx.a(raster.o)
                0x800b671c                GenericPixelStream<unsigned short>::setup()
 .text._ZN18GenericPixelStreamIhE4readEv
                0x800b6740       0xa8 C:/devkitPro/libogc2/wii/lib\libopengx.a(raster.o)
                0x800b6740                GenericPixelStream<unsigned char>::read()
 .text._ZN18StencilPixelStreamIhE5writeE9_gx_color
                0x800b67e8       0x58 C:/devkitPro/libogc2/wii/lib\libopengx.a(raster.o)
                0x800b67e8                StencilPixelStream<unsigned char>::write(_gx_color)
 .text._ZN18GenericPixelStreamIhE5setupEv
                0x800b6840       0x24 C:/devkitPro/libogc2/wii/lib\libopengx.a(raster.o)
                0x800b6840                GenericPixelStream<unsigned char>::setup()
 .text._ZN16DepthPixelStreamIfE5writeE9_gx_color
                0x800b6864       0x8c C:/devkitPro/libogc2/wii/lib\libopengx.a(raster.o)
                0x800b6864                DepthPixelStream<float>::write(_gx_color)
 .text._ZN18GenericPixelStreamIfE5writeE9_gx_color
                0x800b68f0       0xc4 C:/devkitPro/libogc2/wii/lib\libopengx.a(raster.o)
                0x800b68f0                GenericPixelStream<float>::write(_gx_color)
 .text._ZN16DepthPixelStreamIjE5writeE9_gx_color
                0x800b69b4       0xc4 C:/devkitPro/libogc2/wii/lib\libopengx.a(raster.o)
                0x800b69b4                DepthPixelStream<unsigned int>::write(_gx_color)
 .text._ZN18GenericPixelStreamIjE5writeE9_gx_color
                0x800b6a78       0x90 C:/devkitPro/libogc2/wii/lib\libopengx.a(raster.o)
                0x800b6a78                GenericPixelStream<unsigned int>::write(_gx_color)
 .text._ZN16DepthPixelStreamItE5writeE9_gx_color
                0x800b6b08       0x90 C:/devkitPro/libogc2/wii/lib\libopengx.a(raster.o)
                0x800b6b08                DepthPixelStream<unsigned short>::write(_gx_color)
 .text._ZN18GenericPixelStreamItE5writeE9_gx_color
                0x800b6b98       0x9c C:/devkitPro/libogc2/wii/lib\libopengx.a(raster.o)
                0x800b6b98                GenericPixelStream<unsigned short>::write(_gx_color)
 .text._ZN16DepthPixelStreamIhE5writeE9_gx_color
                0x800b6c34       0x90 C:/devkitPro/libogc2/wii/lib\libopengx.a(raster.o)
                0x800b6c34                DepthPixelStream<unsigned char>::write(_gx_color)
 .text._ZN18GenericPixelStreamIhE5writeE9_gx_color
                0x800b6cc4       0x7c C:/devkitPro/libogc2/wii/lib\libopengx.a(raster.o)
                0x800b6cc4                GenericPixelStream<unsigned char>::write(_gx_color)
 .text._ZL19draw_raster_textureP10_gx_texobjiiiii
                0x800b6d40      0x2bc C:/devkitPro/libogc2/wii/lib\libopengx.a(raster.o)
 .text._ZL22set_current_raster_posPK5_vecf
                0x800b6ffc      0x1b4 C:/devkitPro/libogc2/wii/lib\libopengx.a(raster.o)
 .text._ZN19CompoundPixelStream4readEv
                0x800b71b0      0x188 C:/devkitPro/libogc2/wii/lib\libopengx.a(raster.o)
                0x800b71b0                CompoundPixelStream::read()
 .text._ZL13set_pixel_mapjiPh
                0x800b7338       0xd8 C:/devkitPro/libogc2/wii/lib\libopengx.a(raster.o)
 .text._ZN6Texel85storeEv
                0x800b7410       0x80 C:/devkitPro/libogc2/wii/lib\libopengx.a(raster.o)
                0x800b7410                Texel8::store()
 .text._ZN7Texel165storeEv
                0x800b7490       0x84 C:/devkitPro/libogc2/wii/lib\libopengx.a(raster.o)
                0x800b7490                Texel16::store()
 .text._ZN7TexelI84readEv
                0x800b7514       0x94 C:/devkitPro/libogc2/wii/lib\libopengx.a(raster.o)
                0x800b7514                TexelI8::read()
 .text._ZN8TexelIA84readEv
                0x800b75a8       0x94 C:/devkitPro/libogc2/wii/lib\libopengx.a(raster.o)
                0x800b75a8                TexelIA8::read()
 .text._ZN10TexelRGBA84readEv
                0x800b763c       0x9c C:/devkitPro/libogc2/wii/lib\libopengx.a(raster.o)
                0x800b763c                TexelRGBA8::read()
 .text._ZN7TexelI44readEv
                0x800b76d8       0xb4 C:/devkitPro/libogc2/wii/lib\libopengx.a(raster.o)
                0x800b76d8                TexelI4::read()
 .text._ZN7TexelI48set_areaEPviiiii
                0x800b778c       0x7c C:/devkitPro/libogc2/wii/lib\libopengx.a(raster.o)
                0x800b778c                TexelI4::set_area(void*, int, int, int, int, int)
 .text._ZN7TexelI45storeEv
                0x800b7808      0x1c8 C:/devkitPro/libogc2/wii/lib\libopengx.a(raster.o)
                0x800b7808                TexelI4::store()
 .text.glPixelZoom
                0x800b79d0       0x14 C:/devkitPro/libogc2/wii/lib\libopengx.a(raster.o)
                0x800b79d0                glPixelZoom
 .text.glRasterPos2d
                0x800b79e4       0x40 C:/devkitPro/libogc2/wii/lib\libopengx.a(raster.o)
                0x800b79e4                glRasterPos2d
 .text.glRasterPos2f
                0x800b7a24       0x38 C:/devkitPro/libogc2/wii/lib\libopengx.a(raster.o)
                0x800b7a24                glRasterPos2f
 .text.glRasterPos2i
                0x800b7a5c       0x74 C:/devkitPro/libogc2/wii/lib\libopengx.a(raster.o)
                0x800b7a5c                glRasterPos2i
 .text.glRasterPos2s
                0x800b7ad0       0x74 C:/devkitPro/libogc2/wii/lib\libopengx.a(raster.o)
                0x800b7ad0                glRasterPos2s
 .text.glRasterPos3d
                0x800b7b44       0x3c C:/devkitPro/libogc2/wii/lib\libopengx.a(raster.o)
                0x800b7b44                glRasterPos3d
 .text.glRasterPos3f
                0x800b7b80       0x30 C:/devkitPro/libogc2/wii/lib\libopengx.a(raster.o)
                0x800b7b80                glRasterPos3f
 .text.glRasterPos3i
                0x800b7bb0       0x84 C:/devkitPro/libogc2/wii/lib\libopengx.a(raster.o)
                0x800b7bb0                glRasterPos3i
 .text.glRasterPos3s
                0x800b7c34       0x84 C:/devkitPro/libogc2/wii/lib\libopengx.a(raster.o)
                0x800b7c34                glRasterPos3s
 .text.glRasterPos4d
                0x800b7cb8       0x4c C:/devkitPro/libogc2/wii/lib\libopengx.a(raster.o)
                0x800b7cb8                glRasterPos4d
 .text.glRasterPos4f
                0x800b7d04       0x3c C:/devkitPro/libogc2/wii/lib\libopengx.a(raster.o)
                0x800b7d04                glRasterPos4f
 .text.glRasterPos4i
                0x800b7d40       0xa8 C:/devkitPro/libogc2/wii/lib\libopengx.a(raster.o)
                0x800b7d40                glRasterPos4i
 .text.glRasterPos4s
                0x800b7de8       0xa8 C:/devkitPro/libogc2/wii/lib\libopengx.a(raster.o)
                0x800b7de8                glRasterPos4s
 .text.glRasterPos2dv
                0x800b7e90       0x4c C:/devkitPro/libogc2/wii/lib\libopengx.a(raster.o)
                0x800b7e90                glRasterPos2dv
 .text.glRasterPos2fv
                0x800b7edc       0x44 C:/devkitPro/libogc2/wii/lib\libopengx.a(raster.o)
                0x800b7edc                glRasterPos2fv
 .text.glRasterPos2iv
                0x800b7f20       0x7c C:/devkitPro/libogc2/wii/lib\libopengx.a(raster.o)
                0x800b7f20                glRasterPos2iv
 .text.glRasterPos2sv
                0x800b7f9c       0x7c C:/devkitPro/libogc2/wii/lib\libopengx.a(raster.o)
                0x800b7f9c                glRasterPos2sv
 .text.glRasterPos3dv
                0x800b8018       0x4c C:/devkitPro/libogc2/wii/lib\libopengx.a(raster.o)
                0x800b8018                glRasterPos3dv
 .text.glRasterPos3fv
                0x800b8064       0x40 C:/devkitPro/libogc2/wii/lib\libopengx.a(raster.o)
                0x800b8064                glRasterPos3fv
 .text.glRasterPos3iv
                0x800b80a4       0x94 C:/devkitPro/libogc2/wii/lib\libopengx.a(raster.o)
                0x800b80a4                glRasterPos3iv
 .text.glRasterPos3sv
                0x800b8138       0x94 C:/devkitPro/libogc2/wii/lib\libopengx.a(raster.o)
                0x800b8138                glRasterPos3sv
 .text.glRasterPos4dv
                0x800b81cc       0x60 C:/devkitPro/libogc2/wii/lib\libopengx.a(raster.o)
                0x800b81cc                glRasterPos4dv
 .text.glRasterPos4fv
                0x800b822c       0x50 C:/devkitPro/libogc2/wii/lib\libopengx.a(raster.o)
                0x800b822c                glRasterPos4fv
 .text.glRasterPos4iv
                0x800b827c       0xbc C:/devkitPro/libogc2/wii/lib\libopengx.a(raster.o)
                0x800b827c                glRasterPos4iv
 .text.glRasterPos4sv
                0x800b8338       0xbc C:/devkitPro/libogc2/wii/lib\libopengx.a(raster.o)
                0x800b8338                glRasterPos4sv
 .text.glPixelMapfv
                0x800b83f4       0xcc C:/devkitPro/libogc2/wii/lib\libopengx.a(raster.o)
                0x800b83f4                glPixelMapfv
 .text.glPixelMapuiv
                0x800b84c0       0x84 C:/devkitPro/libogc2/wii/lib\libopengx.a(raster.o)
                0x800b84c0                glPixelMapuiv
 .text.glPixelMapusv
                0x800b8544       0x84 C:/devkitPro/libogc2/wii/lib\libopengx.a(raster.o)
                0x800b8544                glPixelMapusv
 .text.glGetPixelMapfv
                0x800b85c8      0x120 C:/devkitPro/libogc2/wii/lib\libopengx.a(raster.o)
                0x800b85c8                glGetPixelMapfv
 .text.glGetPixelMapuiv
                0x800b86e8       0x90 C:/devkitPro/libogc2/wii/lib\libopengx.a(raster.o)
                0x800b86e8                glGetPixelMapuiv
 .text.glGetPixelMapusv
                0x800b8778       0xcc C:/devkitPro/libogc2/wii/lib\libopengx.a(raster.o)
                0x800b8778                glGetPixelMapusv
 .text.glBitmap
                0x800b8844      0x3e4 C:/devkitPro/libogc2/wii/lib\libopengx.a(raster.o)
                0x800b8844                glBitmap
 .text.glReadPixels
                0x800b8c28      0xb60 C:/devkitPro/libogc2/wii/lib\libopengx.a(raster.o)
                0x800b8c28                glReadPixels
 .text.glDrawPixels
                0x800b9788      0x2fc C:/devkitPro/libogc2/wii/lib\libopengx.a(raster.o)
                0x800b9788                glDrawPixels
 .text.glCopyPixels
                0x800b9a84      0x2e4 C:/devkitPro/libogc2/wii/lib\libopengx.a(raster.o)
                0x800b9a84                glCopyPixels
 .text.check_for_hits
                0x800b9d68      0x150 C:/devkitPro/libogc2/wii/lib\libopengx.a(selection.o)
 .text._ogx_selection_mode_changing
                0x800b9eb8      0x3b0 C:/devkitPro/libogc2/wii/lib\libopengx.a(selection.o)
                0x800b9eb8                _ogx_selection_mode_changing
 .text.glSelectBuffer
                0x800ba268       0x60 C:/devkitPro/libogc2/wii/lib\libopengx.a(selection.o)
                0x800ba268                glSelectBuffer
 .text.glInitNames
                0x800ba2c8       0x58 C:/devkitPro/libogc2/wii/lib\libopengx.a(selection.o)
                0x800ba2c8                glInitNames
 .text.glLoadName
                0x800ba320       0x80 C:/devkitPro/libogc2/wii/lib\libopengx.a(selection.o)
                0x800ba320                glLoadName
 .text.glPushName
                0x800ba3a0       0x84 C:/devkitPro/libogc2/wii/lib\libopengx.a(selection.o)
                0x800ba3a0                glPushName
 .text.glPopName
                0x800ba424       0x70 C:/devkitPro/libogc2/wii/lib\libopengx.a(selection.o)
                0x800ba424                glPopName
 .text.setup_tev_full
                0x800ba494      0xa04 C:/devkitPro/libogc2/wii/lib\libopengx.a(stencil.o)
 .text.draw_op.isra.0
                0x800bae98      0x310 C:/devkitPro/libogc2/wii/lib\libopengx.a(stencil.o)
 .text._ogx_stencil_load_into_efb
                0x800bb1a8       0x34 C:/devkitPro/libogc2/wii/lib\libopengx.a(stencil.o)
                0x800bb1a8                _ogx_stencil_load_into_efb
 .text._ogx_stencil_save_from_efb
                0x800bb1dc      0x140 C:/devkitPro/libogc2/wii/lib\libopengx.a(stencil.o)
                0x800bb1dc                _ogx_stencil_save_from_efb
 .text._ogx_stencil_setup_tev
                0x800bb31c        0x8 C:/devkitPro/libogc2/wii/lib\libopengx.a(stencil.o)
                0x800bb31c                _ogx_stencil_setup_tev
 .text._ogx_stencil_draw
                0x800bb324      0x10c C:/devkitPro/libogc2/wii/lib\libopengx.a(stencil.o)
                0x800bb324                _ogx_stencil_draw
 .text._ogx_stencil_enabled
                0x800bb430       0x20 C:/devkitPro/libogc2/wii/lib\libopengx.a(stencil.o)
                0x800bb430                _ogx_stencil_enabled
 .text._ogx_stencil_disabled
                0x800bb450       0x20 C:/devkitPro/libogc2/wii/lib\libopengx.a(stencil.o)
                0x800bb450                _ogx_stencil_disabled
 .text._ogx_stencil_update
                0x800bb470      0x1e4 C:/devkitPro/libogc2/wii/lib\libopengx.a(stencil.o)
                0x800bb470                _ogx_stencil_update
 .text._ogx_stencil_clear
                0x800bb654      0x118 C:/devkitPro/libogc2/wii/lib\libopengx.a(stencil.o)
                0x800bb654                _ogx_stencil_clear
 .text._ogx_stencil_get_buffer
                0x800bb76c        0x8 C:/devkitPro/libogc2/wii/lib\libopengx.a(stencil.o)
                0x800bb76c                _ogx_stencil_get_buffer
 .text.glStencilFunc
                0x800bb774      0x1e4 C:/devkitPro/libogc2/wii/lib\libopengx.a(stencil.o)
                0x800bb774                glStencilFunc
 .text.glStencilMask
                0x800bb958       0x20 C:/devkitPro/libogc2/wii/lib\libopengx.a(stencil.o)
                0x800bb958                glStencilMask
 .text.glStencilOp
                0x800bb978       0x18 C:/devkitPro/libogc2/wii/lib\libopengx.a(stencil.o)
                0x800bb978                glStencilOp
 .text.glClearStencil
                0x800bb990        0xc C:/devkitPro/libogc2/wii/lib\libopengx.a(stencil.o)
                0x800bb990                glClearStencil
 .text.texture_get_info
                0x800bb99c      0x100 C:/devkitPro/libogc2/wii/lib\libopengx.a(texture.o)
 .text.update_texture.isra.0
                0x800bba9c      0x21c C:/devkitPro/libogc2/wii/lib\libopengx.a(texture.o)
 .text.glTexParameteri.part.0
                0x800bbcb8      0x260 C:/devkitPro/libogc2/wii/lib\libopengx.a(texture.o)
 .text.glTexParameterf
                0x800bbf18       0x28 C:/devkitPro/libogc2/wii/lib\libopengx.a(texture.o)
                0x800bbf18                glTexParameterf
 .text.glTexParameteri
                0x800bbf40       0x14 C:/devkitPro/libogc2/wii/lib\libopengx.a(texture.o)
                0x800bbf40                glTexParameteri
 .text.glTexParameterfv
                0x800bbf54       0x2c C:/devkitPro/libogc2/wii/lib\libopengx.a(texture.o)
                0x800bbf54                glTexParameterfv
 .text.glTexParameteriv
                0x800bbf80       0x14 C:/devkitPro/libogc2/wii/lib\libopengx.a(texture.o)
                0x800bbf80                glTexParameteriv
 .text.glTexGend
                0x800bbf94       0x6c C:/devkitPro/libogc2/wii/lib\libopengx.a(texture.o)
                0x800bbf94                glTexGend
 .text.glTexGenf
                0x800bc000       0x6c C:/devkitPro/libogc2/wii/lib\libopengx.a(texture.o)
                0x800bc000                glTexGenf
 .text.glTexGeni
                0x800bc06c       0x54 C:/devkitPro/libogc2/wii/lib\libopengx.a(texture.o)
                0x800bc06c                glTexGeni
 .text.glTexGenfv
                0x800bc0c0      0x138 C:/devkitPro/libogc2/wii/lib\libopengx.a(texture.o)
                0x800bc0c0                glTexGenfv
 .text.glTexGendv
                0x800bc1f8       0x58 C:/devkitPro/libogc2/wii/lib\libopengx.a(texture.o)
                0x800bc1f8                glTexGendv
 .text.glTexGeniv
                0x800bc250       0xc8 C:/devkitPro/libogc2/wii/lib\libopengx.a(texture.o)
                0x800bc250                glTexGeniv
 .text.glGetTexLevelParameteriv
                0x800bc318       0x40 C:/devkitPro/libogc2/wii/lib\libopengx.a(texture.o)
                0x800bc318                glGetTexLevelParameteriv
 .text.glTexEnvi
                0x800bc358      0x1a4 C:/devkitPro/libogc2/wii/lib\libopengx.a(texture.o)
                0x800bc358                glTexEnvi
 .text.glTexEnvf
                0x800bc4fc       0x1c C:/devkitPro/libogc2/wii/lib\libopengx.a(texture.o)
                0x800bc4fc                glTexEnvf
 .text.glTexEnvfv
                0x800bc518       0xc4 C:/devkitPro/libogc2/wii/lib\libopengx.a(texture.o)
                0x800bc518                glTexEnvfv
 .text.glTexEnviv
                0x800bc5dc      0x138 C:/devkitPro/libogc2/wii/lib\libopengx.a(texture.o)
                0x800bc5dc                glTexEnviv
 .text.glTexImage2D
                0x800bc714      0x5c4 C:/devkitPro/libogc2/wii/lib\libopengx.a(texture.o)
                0x800bc714                glTexImage2D
 .text.glTexImage1D
                0x800bccd8       0x3c C:/devkitPro/libogc2/wii/lib\libopengx.a(texture.o)
                0x800bccd8                glTexImage1D
 .text.glTexSubImage2D
                0x800bcd14      0x200 C:/devkitPro/libogc2/wii/lib\libopengx.a(texture.o)
                0x800bcd14                glTexSubImage2D
 .text.glBindTexture
                0x800bcf14      0x10c C:/devkitPro/libogc2/wii/lib\libopengx.a(texture.o)
                0x800bcf14                glBindTexture
 .text.glDeleteTextures
                0x800bd020       0xd8 C:/devkitPro/libogc2/wii/lib\libopengx.a(texture.o)
                0x800bd020                glDeleteTextures
 .text.glGenTextures
                0x800bd0f8      0x140 C:/devkitPro/libogc2/wii/lib\libopengx.a(texture.o)
                0x800bd0f8                glGenTextures
 .text.glActiveTexture
                0x800bd238       0x40 C:/devkitPro/libogc2/wii/lib\libopengx.a(texture.o)
                0x800bd238                glActiveTexture
 .text.glClientActiveTexture